// Jest Snapshot v1, https://goo.gl/fbAQLP

exports[`App component renders Vancouver Canucks are going to make the playoffs 1`] = `
<div>
  <button
    type="button"
  >
    Click Me
  </button>
  <h1>
    Vancouver Canucks are going to the playoffs
  </h1>
</div>
`;
